{
    "subset capture - bed": {
        "content": [
            {
                "0": [
                    [
                        {
                            "id": "test",
                            "single_end": false
                        },
                        "test_target.chrom.sizes:md5,3b8cd381d92f11c1a6cd64a01a5c4b66"
                    ]
                ],
                "1": [
                    [
                        {
                            "id": "test",
                            "single_end": false
                        },
                        "test.capture.bed.gz:md5,1bfb2a02b6882800dfc86f1dcd116dea"
                    ]
                ],
                "2": [
                    [
                        {
                            "id": "test",
                            "single_end": false
                        },
                        "test.capture.bed.gz.tbi:md5,cca8582edb548b04e057329d3c8de585"
                    ]
                ],
                "3": [
                    [
                        {
                            "id": "test",
                            "single_end": false
                        },
                        "test_chr22_target.bed:md5,1bfb2a02b6882800dfc86f1dcd116dea"
                    ]
                ],
                "4": [
                    [
                        {
                            "id": "test",
                            "single_end": false
                        },
                        "test_chr22_target.pad50.bed:md5,ac358cce78980c94f6ff5be56cbdede9"
                    ]
                ],
                "5": [
                    [
                        {
                            "id": "test",
                            "single_end": false
                        },
                        "test_chr22_target.pad500.bed:md5,4188712633feb7137bc5d29a3940aa6a"
                    ]
                ],
                "6": [
                    "versions.yml:md5,316999bed19877d0178cd728c162e3ca"
                ],
                "capture_bed_gz": [
                    [
                        {
                            "id": "test",
                            "single_end": false
                        },
                        "test.capture.bed.gz:md5,1bfb2a02b6882800dfc86f1dcd116dea"
                    ]
                ],
                "capture_bed_index": [
                    [
                        {
                            "id": "test",
                            "single_end": false
                        },
                        "test.capture.bed.gz.tbi:md5,cca8582edb548b04e057329d3c8de585"
                    ]
                ],
                "target_bed": [
                    [
                        {
                            "id": "test",
                            "single_end": false
                        },
                        "test_chr22_target.bed:md5,1bfb2a02b6882800dfc86f1dcd116dea"
                    ]
                ],
                "target_bed_pad50": [
                    [
                        {
                            "id": "test",
                            "single_end": false
                        },
                        "test_chr22_target.pad50.bed:md5,ac358cce78980c94f6ff5be56cbdede9"
                    ]
                ],
                "target_bed_pad500": [
                    [
                        {
                            "id": "test",
                            "single_end": false
                        },
                        "test_chr22_target.pad500.bed:md5,4188712633feb7137bc5d29a3940aa6a"
                    ]
                ],
                "target_chrom_size": [
                    [
                        {
                            "id": "test",
                            "single_end": false
                        },
                        "test_target.chrom.sizes:md5,3b8cd381d92f11c1a6cd64a01a5c4b66"
                    ]
                ],
                "versions": [
                    "versions.yml:md5,316999bed19877d0178cd728c162e3ca"
                ]
            }
        ],
        "meta": {
            "nf-test": "0.9.2",
            "nextflow": "24.10.4"
        },
        "timestamp": "2025-03-25T14:28:12.505219179"
    }
}