{
    "validate fastq to vcf - fastq, vcf, solutions": {
        "content": [
            {
                "0": [
                    
                ],
                "1": [
                    
                ],
                "2": [
                    
                ],
                "vcf": [
                    
                ],
                "vcf_index": [
                    
                ],
                "versions": [
                    
                ]
            }
        ],
        "meta": {
            "nf-test": "0.9.2",
            "nextflow": "24.10.5"
        },
        "timestamp": "2025-04-14T09:03:21.438411194"
    }
}