{
    "homo_sapiens - vcf": {
        "content": [
            {
                "0": [
                    
                ],
                "1": [
                    
                ],
                "bam": [
                    
                ],
                "versions": [
                    
                ]
            }
        ],
        "meta": {
            "nf-test": "0.9.2",
            "nextflow": "24.10.5"
        },
        "timestamp": "2025-03-24T12:26:25.216801"
    },
    "homo_sapiens - vcf - stub": {
        "content": [
            {
                "0": [
                    
                ],
                "1": [
                    
                ],
                "bam": [
                    
                ],
                "versions": [
                    
                ]
            }
        ],
        "meta": {
            "nf-test": "0.9.2",
            "nextflow": "24.10.5"
        },
        "timestamp": "2025-03-24T12:26:46.228221"
    }
}