{
    "scenario with genes": {
        "content": [
            [
                
            ]
        ],
        "meta": {
            "nf-test": "0.9.2",
            "nextflow": "24.10.5"
        },
        "timestamp": "2025-04-01T08:34:18.288383158"
    },
    "scenario - stub": {
        "content": [
            [
                [
                    {
                        "id": "simu01",
                        "coverage": 50
                    },
                    "simu01_scenario.txt:md5,d41d8cd98f00b204e9800998ecf8427e"
                ]
            ]
        ],
        "meta": {
            "nf-test": "0.9.2",
            "nextflow": "24.10.5"
        },
        "timestamp": "2025-04-01T08:34:29.485921161"
    },
    "scenario with variant": {
        "content": [
            [
                
            ]
        ],
        "meta": {
            "nf-test": "0.9.2",
            "nextflow": "24.10.5"
        },
        "timestamp": "2025-04-01T08:33:57.014297644"
    }
}